current directory: /home/leonel/projects/rails-3/somos_arte/vendor/bundle/ruby/3.3.0/gems/rbs-4.0.3/ext/rbs_extension
/usr/share/rvm/rubies/ruby-3.3.11/bin/ruby extconf.rb
checking for whether -std=gnu99 is accepted as CFLAGS... yes
checking for whether -Wimplicit-fallthrough is accepted as CFLAGS... yes
checking for whether -Wunused-result is accepted as CFLAGS... yes
checking for whether -Wc++-compat is accepted as CFLAGS... yes
checking for whether -DNDEBUG is accepted as CFLAGS... yes
creating Makefile

current directory: /home/leonel/projects/rails-3/somos_arte/vendor/bundle/ruby/3.3.0/gems/rbs-4.0.3/ext/rbs_extension
make DESTDIR\= sitearchdir\=./.gem.20260627-92405-8rallu sitelibdir\=./.gem.20260627-92405-8rallu clean

current directory: /home/leonel/projects/rails-3/somos_arte/vendor/bundle/ruby/3.3.0/gems/rbs-4.0.3/ext/rbs_extension
make DESTDIR\= sitearchdir\=./.gem.20260627-92405-8rallu sitelibdir\=./.gem.20260627-92405-8rallu
compiling ./../../src/ast.c
compiling ./../../src/lexer.c
compiling ./../../src/lexstate.c
compiling ./../../src/location.c
compiling ./../../src/parser.c
compiling ./../../src/string.c
compiling ./../../src/util/rbs_allocator.c
compiling ./../../src/util/rbs_assert.c
compiling ./../../src/util/rbs_buffer.c
compiling ./../../src/util/rbs_constant_pool.c
compiling ./../../src/util/rbs_encoding.c
compiling ./../../src/util/rbs_unescape.c
compiling ast_translation.c
compiling class_constants.c
compiling legacy_location.c
compiling main.c
compiling rbs_string_bridging.c
linking shared-object rbs_extension.so

current directory: /home/leonel/projects/rails-3/somos_arte/vendor/bundle/ruby/3.3.0/gems/rbs-4.0.3/ext/rbs_extension
make DESTDIR\= sitearchdir\=./.gem.20260627-92405-8rallu sitelibdir\=./.gem.20260627-92405-8rallu install
/usr/bin/install -c -m 0755 rbs_extension.so ./.gem.20260627-92405-8rallu

current directory: /home/leonel/projects/rails-3/somos_arte/vendor/bundle/ruby/3.3.0/gems/rbs-4.0.3/ext/rbs_extension
make DESTDIR\= sitearchdir\=./.gem.20260627-92405-8rallu sitelibdir\=./.gem.20260627-92405-8rallu clean
