current directory: /home/leonel/projects/rails-3/somos_arte/vendor/bundle/ruby/3.3.0/gems/date-3.5.1/ext/date
/usr/share/rvm/rubies/ruby-3.3.11/bin/ruby extconf.rb
checking for rb_category_warn()... yes
checking for timezone in time.h with  -Werror... yes
checking for altzone in time.h with  -Werror... no
creating Makefile

current directory: /home/leonel/projects/rails-3/somos_arte/vendor/bundle/ruby/3.3.0/gems/date-3.5.1/ext/date
make DESTDIR\= sitearchdir\=./.gem.20260627-92405-60v3kb sitelibdir\=./.gem.20260627-92405-60v3kb clean

current directory: /home/leonel/projects/rails-3/somos_arte/vendor/bundle/ruby/3.3.0/gems/date-3.5.1/ext/date
make DESTDIR\= sitearchdir\=./.gem.20260627-92405-60v3kb sitelibdir\=./.gem.20260627-92405-60v3kb
compiling date_core.c
compiling date_parse.c
compiling date_strftime.c
compiling date_strptime.c
linking shared-object date_core.so

current directory: /home/leonel/projects/rails-3/somos_arte/vendor/bundle/ruby/3.3.0/gems/date-3.5.1/ext/date
make DESTDIR\= sitearchdir\=./.gem.20260627-92405-60v3kb sitelibdir\=./.gem.20260627-92405-60v3kb install
/usr/bin/install -c -m 0755 date_core.so ./.gem.20260627-92405-60v3kb

current directory: /home/leonel/projects/rails-3/somos_arte/vendor/bundle/ruby/3.3.0/gems/date-3.5.1/ext/date
make DESTDIR\= sitearchdir\=./.gem.20260627-92405-60v3kb sitelibdir\=./.gem.20260627-92405-60v3kb clean
