current directory: /home/leonel/projects/rails-3/somos_arte/vendor/bundle/ruby/3.3.0/gems/websocket-driver-0.8.2/ext/websocket-driver
/usr/share/rvm/rubies/ruby-3.3.11/bin/ruby extconf.rb
creating Makefile

current directory: /home/leonel/projects/rails-3/somos_arte/vendor/bundle/ruby/3.3.0/gems/websocket-driver-0.8.2/ext/websocket-driver
make DESTDIR\= sitearchdir\=./.gem.20260627-92405-orswcj sitelibdir\=./.gem.20260627-92405-orswcj clean

current directory: /home/leonel/projects/rails-3/somos_arte/vendor/bundle/ruby/3.3.0/gems/websocket-driver-0.8.2/ext/websocket-driver
make DESTDIR\= sitearchdir\=./.gem.20260627-92405-orswcj sitelibdir\=./.gem.20260627-92405-orswcj
compiling websocket_mask.c
websocket_mask.c: In function ‘Init_websocket_mask’:
websocket_mask.c:26:6: warning: old-style function definition [-Wold-style-definition]
   26 | void Init_websocket_mask()
      |      ^~~~~~~~~~~~~~~~~~~
websocket_mask.c: At top level:
cc1: warning: unrecognized command line option ‘-Wno-self-assign’
cc1: warning: unrecognized command line option ‘-Wno-parentheses-equality’
cc1: warning: unrecognized command line option ‘-Wno-constant-logical-operand’
linking shared-object websocket_mask.so

current directory: /home/leonel/projects/rails-3/somos_arte/vendor/bundle/ruby/3.3.0/gems/websocket-driver-0.8.2/ext/websocket-driver
make DESTDIR\= sitearchdir\=./.gem.20260627-92405-orswcj sitelibdir\=./.gem.20260627-92405-orswcj install
/usr/bin/install -c -m 0755 websocket_mask.so ./.gem.20260627-92405-orswcj

current directory: /home/leonel/projects/rails-3/somos_arte/vendor/bundle/ruby/3.3.0/gems/websocket-driver-0.8.2/ext/websocket-driver
make DESTDIR\= sitearchdir\=./.gem.20260627-92405-orswcj sitelibdir\=./.gem.20260627-92405-orswcj clean
